I'm sorry, but errors were detected in your script. Please correct the
errors listed below, and try again.


File "game/script.rpy", line 92: play requires a file
    play music
              ^

Ren'Py Version: Ren'Py 8.0.3.22090809
Wed Mar 15 14:49:33 2023
